    Updating crates.io index
 Downloading crates ...
  Downloaded version_check v0.9.5
  Downloaded subtle v2.6.1
  Downloaded block-buffer v0.10.4
  Downloaded generic-array v0.14.7
  Downloaded crypto-common v0.1.7
  Downloaded hex v0.4.3
  Downloaded cfg-if v1.0.4
  Downloaded cpufeatures v0.2.17
  Downloaded sha2 v0.10.8
  Downloaded digest v0.10.7
  Downloaded hmac v0.12.1
  Downloaded typenum v1.20.1
   Compiling version_check v0.9.5
   Compiling typenum v1.20.1
   Compiling subtle v2.6.1
   Compiling cfg-if v1.0.4
   Compiling cpufeatures v0.2.17
   Compiling hex v0.4.3
{"reason":"compiler-artifact","package_id":"registry+https://github.com/rust-lang/crates.io-index#cfg-if@1.0.4","manifest_path":"/root/.cargo/registry/src/index.crates.io-6f17d22bba15001f/cfg-if-1.0.4/Cargo.toml","target":{"kind":["lib"],"crate_types":["lib"],"name":"cfg_if","src_path":"/root/.cargo/registry/src/index.crates.io-6f17d22bba15001f/cfg-if-1.0.4/src/lib.rs","edition":"2018","doc":true,"doctest":true,"test":true},"profile":{"opt_level":"3","debuginfo":0,"debug_assertions":false,"overflow_checks":false,"test":false},"features":[],"filenames":["/tmp/cscv-rust-ep54j6v2/target/release/deps/libcfg_if-bd7da64db7dbb0d3.rlib","/tmp/cscv-rust-ep54j6v2/target/release/deps/libcfg_if-bd7da64db7dbb0d3.rmeta"],"executable":null,"fresh":false}
{"reason":"compiler-artifact","package_id":"registry+https://github.com/rust-lang/crates.io-index#cpufeatures@0.2.17","manifest_path":"/root/.cargo/registry/src/index.crates.io-6f17d22bba15001f/cpufeatures-0.2.17/Cargo.toml","target":{"kind":["lib"],"crate_types":["lib"],"name":"cpufeatures","src_path":"/root/.cargo/registry/src/index.crates.io-6f17d22bba15001f/cpufeatures-0.2.17/src/lib.rs","edition":"2018","doc":true,"doctest":true,"test":true},"profile":{"opt_level":"3","debuginfo":0,"debug_assertions":false,"overflow_checks":false,"test":false},"features":[],"filenames":["/tmp/cscv-rust-ep54j6v2/target/release/deps/libcpufeatures-c7e12c08912a265d.rlib","/tmp/cscv-rust-ep54j6v2/target/release/deps/libcpufeatures-c7e12c08912a265d.rmeta"],"executable":null,"fresh":false}
{"reason":"compiler-artifact","package_id":"registry+https://github.com/rust-lang/crates.io-index#subtle@2.6.1","manifest_path":"/root/.cargo/registry/src/index.crates.io-6f17d22bba15001f/subtle-2.6.1/Cargo.toml","target":{"kind":["lib"],"crate_types":["lib"],"name":"subtle","src_path":"/root/.cargo/registry/src/index.crates.io-6f17d22bba15001f/subtle-2.6.1/src/lib.rs","edition":"2018","doc":true,"doctest":true,"test":true},"profile":{"opt_level":"3","debuginfo":0,"debug_assertions":false,"overflow_checks":false,"test":false},"features":[],"filenames":["/tmp/cscv-rust-ep54j6v2/target/release/deps/libsubtle-487a74921b9cc045.rlib","/tmp/cscv-rust-ep54j6v2/target/release/deps/libsubtle-487a74921b9cc045.rmeta"],"executable":null,"fresh":false}
{"reason":"compiler-artifact","package_id":"registry+https://github.com/rust-lang/crates.io-index#version_check@0.9.5","manifest_path":"/root/.cargo/registry/src/index.crates.io-6f17d22bba15001f/version_check-0.9.5/Cargo.toml","target":{"kind":["lib"],"crate_types":["lib"],"name":"version_check","src_path":"/root/.cargo/registry/src/index.crates.io-6f17d22bba15001f/version_check-0.9.5/src/lib.rs","edition":"2015","doc":true,"doctest":true,"test":true},"profile":{"opt_level":"0","debuginfo":0,"debug_assertions":false,"overflow_checks":false,"test":false},"features":[],"filenames":["/tmp/cscv-rust-ep54j6v2/target/release/deps/libversion_check-b45c2155fe842bcb.rlib","/tmp/cscv-rust-ep54j6v2/target/release/deps/libversion_check-b45c2155fe842bcb.rmeta"],"executable":null,"fresh":false}
   Compiling generic-array v0.14.7
{"reason":"compiler-artifact","package_id":"registry+https://github.com/rust-lang/crates.io-index#hex@0.4.3","manifest_path":"/root/.cargo/registry/src/index.crates.io-6f17d22bba15001f/hex-0.4.3/Cargo.toml","target":{"kind":["lib"],"crate_types":["lib"],"name":"hex","src_path":"/root/.cargo/registry/src/index.crates.io-6f17d22bba15001f/hex-0.4.3/src/lib.rs","edition":"2018","doc":true,"doctest":true,"test":true},"profile":{"opt_level":"3","debuginfo":0,"debug_assertions":false,"overflow_checks":false,"test":false},"features":["alloc","default","std"],"filenames":["/tmp/cscv-rust-ep54j6v2/target/release/deps/libhex-1b8e613867163ddb.rlib","/tmp/cscv-rust-ep54j6v2/target/release/deps/libhex-1b8e613867163ddb.rmeta"],"executable":null,"fresh":false}
{"reason":"compiler-artifact","package_id":"registry+https://github.com/rust-lang/crates.io-index#generic-array@0.14.7","manifest_path":"/root/.cargo/registry/src/index.crates.io-6f17d22bba15001f/generic-array-0.14.7/Cargo.toml","target":{"kind":["custom-build"],"crate_types":["bin"],"name":"build-script-build","src_path":"/root/.cargo/registry/src/index.crates.io-6f17d22bba15001f/generic-array-0.14.7/build.rs","edition":"2015","doc":false,"doctest":false,"test":false},"profile":{"opt_level":"0","debuginfo":0,"debug_assertions":false,"overflow_checks":false,"test":false},"features":["more_lengths"],"filenames":["/tmp/cscv-rust-ep54j6v2/target/release/build/generic-array-87e736053c697859/build-script-build"],"executable":null,"fresh":false}
{"reason":"build-script-executed","package_id":"registry+https://github.com/rust-lang/crates.io-index#generic-array@0.14.7","linked_libs":[],"linked_paths":[],"cfgs":["relaxed_coherence"],"env":[],"out_dir":"/tmp/cscv-rust-ep54j6v2/target/release/build/generic-array-61cd39dcd9b6e494/out"}
{"reason":"compiler-artifact","package_id":"registry+https://github.com/rust-lang/crates.io-index#typenum@1.20.1","manifest_path":"/root/.cargo/registry/src/index.crates.io-6f17d22bba15001f/typenum-1.20.1/Cargo.toml","target":{"kind":["lib"],"crate_types":["lib"],"name":"typenum","src_path":"/root/.cargo/registry/src/index.crates.io-6f17d22bba15001f/typenum-1.20.1/src/lib.rs","edition":"2018","doc":true,"doctest":true,"test":true},"profile":{"opt_level":"3","debuginfo":0,"debug_assertions":false,"overflow_checks":false,"test":false},"features":[],"filenames":["/tmp/cscv-rust-ep54j6v2/target/release/deps/libtypenum-89da8182c3d79b79.rlib","/tmp/cscv-rust-ep54j6v2/target/release/deps/libtypenum-89da8182c3d79b79.rmeta"],"executable":null,"fresh":false}
   Compiling block-buffer v0.10.4
   Compiling crypto-common v0.1.7
{"reason":"compiler-artifact","package_id":"registry+https://github.com/rust-lang/crates.io-index#generic-array@0.14.7","manifest_path":"/root/.cargo/registry/src/index.crates.io-6f17d22bba15001f/generic-array-0.14.7/Cargo.toml","target":{"kind":["lib"],"crate_types":["lib"],"name":"generic_array","src_path":"/root/.cargo/registry/src/index.crates.io-6f17d22bba15001f/generic-array-0.14.7/src/lib.rs","edition":"2015","doc":true,"doctest":true,"test":true},"profile":{"opt_level":"3","debuginfo":0,"debug_assertions":false,"overflow_checks":false,"test":false},"features":["more_lengths"],"filenames":["/tmp/cscv-rust-ep54j6v2/target/release/deps/libgeneric_array-f20eb7dcb15d24f9.rlib","/tmp/cscv-rust-ep54j6v2/target/release/deps/libgeneric_array-f20eb7dcb15d24f9.rmeta"],"executable":null,"fresh":false}
   Compiling digest v0.10.7
{"reason":"compiler-artifact","package_id":"registry+https://github.com/rust-lang/crates.io-index#crypto-common@0.1.7","manifest_path":"/root/.cargo/registry/src/index.crates.io-6f17d22bba15001f/crypto-common-0.1.7/Cargo.toml","target":{"kind":["lib"],"crate_types":["lib"],"name":"crypto_common","src_path":"/root/.cargo/registry/src/index.crates.io-6f17d22bba15001f/crypto-common-0.1.7/src/lib.rs","edition":"2018","doc":true,"doctest":true,"test":true},"profile":{"opt_level":"3","debuginfo":0,"debug_assertions":false,"overflow_checks":false,"test":false},"features":["std"],"filenames":["/tmp/cscv-rust-ep54j6v2/target/release/deps/libcrypto_common-81220b51bc0ca11e.rlib","/tmp/cscv-rust-ep54j6v2/target/release/deps/libcrypto_common-81220b51bc0ca11e.rmeta"],"executable":null,"fresh":false}
{"reason":"compiler-artifact","package_id":"registry+https://github.com/rust-lang/crates.io-index#block-buffer@0.10.4","manifest_path":"/root/.cargo/registry/src/index.crates.io-6f17d22bba15001f/block-buffer-0.10.4/Cargo.toml","target":{"kind":["lib"],"crate_types":["lib"],"name":"block_buffer","src_path":"/root/.cargo/registry/src/index.crates.io-6f17d22bba15001f/block-buffer-0.10.4/src/lib.rs","edition":"2018","doc":true,"doctest":true,"test":true},"profile":{"opt_level":"3","debuginfo":0,"debug_assertions":false,"overflow_checks":false,"test":false},"features":[],"filenames":["/tmp/cscv-rust-ep54j6v2/target/release/deps/libblock_buffer-b71a9220da48af03.rlib","/tmp/cscv-rust-ep54j6v2/target/release/deps/libblock_buffer-b71a9220da48af03.rmeta"],"executable":null,"fresh":false}
   Compiling hmac v0.12.1
   Compiling sha2 v0.10.8
{"reason":"compiler-artifact","package_id":"registry+https://github.com/rust-lang/crates.io-index#digest@0.10.7","manifest_path":"/root/.cargo/registry/src/index.crates.io-6f17d22bba15001f/digest-0.10.7/Cargo.toml","target":{"kind":["lib"],"crate_types":["lib"],"name":"digest","src_path":"/root/.cargo/registry/src/index.crates.io-6f17d22bba15001f/digest-0.10.7/src/lib.rs","edition":"2018","doc":true,"doctest":true,"test":true},"profile":{"opt_level":"3","debuginfo":0,"debug_assertions":false,"overflow_checks":false,"test":false},"features":["alloc","block-buffer","core-api","default","mac","std","subtle"],"filenames":["/tmp/cscv-rust-ep54j6v2/target/release/deps/libdigest-ba183c7cd56b0274.rlib","/tmp/cscv-rust-ep54j6v2/target/release/deps/libdigest-ba183c7cd56b0274.rmeta"],"executable":null,"fresh":false}
{"reason":"compiler-artifact","package_id":"registry+https://github.com/rust-lang/crates.io-index#hmac@0.12.1","manifest_path":"/root/.cargo/registry/src/index.crates.io-6f17d22bba15001f/hmac-0.12.1/Cargo.toml","target":{"kind":["lib"],"crate_types":["lib"],"name":"hmac","src_path":"/root/.cargo/registry/src/index.crates.io-6f17d22bba15001f/hmac-0.12.1/src/lib.rs","edition":"2018","doc":true,"doctest":true,"test":true},"profile":{"opt_level":"3","debuginfo":0,"debug_assertions":false,"overflow_checks":false,"test":false},"features":[],"filenames":["/tmp/cscv-rust-ep54j6v2/target/release/deps/libhmac-842f8f924e20fb87.rlib","/tmp/cscv-rust-ep54j6v2/target/release/deps/libhmac-842f8f924e20fb87.rmeta"],"executable":null,"fresh":false}
{"reason":"compiler-artifact","package_id":"registry+https://github.com/rust-lang/crates.io-index#sha2@0.10.8","manifest_path":"/root/.cargo/registry/src/index.crates.io-6f17d22bba15001f/sha2-0.10.8/Cargo.toml","target":{"kind":["lib"],"crate_types":["lib"],"name":"sha2","src_path":"/root/.cargo/registry/src/index.crates.io-6f17d22bba15001f/sha2-0.10.8/src/lib.rs","edition":"2018","doc":true,"doctest":true,"test":true},"profile":{"opt_level":"3","debuginfo":0,"debug_assertions":false,"overflow_checks":false,"test":false},"features":["default","std"],"filenames":["/tmp/cscv-rust-ep54j6v2/target/release/deps/libsha2-5b997c412a3cf551.rlib","/tmp/cscv-rust-ep54j6v2/target/release/deps/libsha2-5b997c412a3cf551.rmeta"],"executable":null,"fresh":false}
   Compiling warehouse-agent v1.4.2 (/tmp/cscv-rust-ep54j6v2)
{"reason":"compiler-artifact","package_id":"path+file:///tmp/cscv-rust-ep54j6v2#warehouse-agent@1.4.2","manifest_path":"/tmp/cscv-rust-ep54j6v2/Cargo.toml","target":{"kind":["bin"],"crate_types":["bin"],"name":"warehouse-agent","src_path":"/tmp/cscv-rust-ep54j6v2/src/main.rs","edition":"2021","doc":true,"doctest":false,"test":true},"profile":{"opt_level":"3","debuginfo":0,"debug_assertions":false,"overflow_checks":false,"test":false},"features":[],"filenames":["/tmp/cscv-rust-ep54j6v2/target/release/warehouse-agent"],"executable":"/tmp/cscv-rust-ep54j6v2/target/release/warehouse-agent","fresh":false}
{"reason":"build-finished","success":true}
    Finished `release` profile [optimized] target(s) in 3.82s
